stm32f4xx_it.c:89:6:NMI_Handler	4	static
stm32f4xx_it.c:102:6:HardFault_Handler	4	static
stm32f4xx_it.c:117:6:MemManage_Handler	4	static
stm32f4xx_it.c:132:6:BusFault_Handler	4	static
stm32f4xx_it.c:147:6:UsageFault_Handler	4	static
stm32f4xx_it.c:162:6:SVC_Handler	4	static
stm32f4xx_it.c:175:6:DebugMon_Handler	4	static
stm32f4xx_it.c:188:6:PendSV_Handler	4	static
stm32f4xx_it.c:201:6:SysTick_Handler	8	static
stm32f4xx_it.c:222:6:TIM1_CC_IRQHandler	4	static,ignoring_inline_asm
stm32f4xx_it.c:268:6:TIM4_IRQHandler	72	static
stm32f4xx_it.c:334:6:TIM8_CC_IRQHandler	8	static
stm32f4xx_it.c:357:6:DMA2_Stream0_IRQHandler	8	static
stm32f4xx_it.c:371:6:DMA2_Stream1_IRQHandler	8	static
stm32f4xx_it.c:385:6:DMA2_Stream3_IRQHandler	8	static
