stm32f4xx_it.c:103:6:NMI_Handler	4	static
stm32f4xx_it.c:116:6:HardFault_Handler	4	static
stm32f4xx_it.c:131:6:MemManage_Handler	4	static
stm32f4xx_it.c:146:6:BusFault_Handler	4	static
stm32f4xx_it.c:161:6:UsageFault_Handler	4	static
stm32f4xx_it.c:176:6:SVC_Handler	4	static
stm32f4xx_it.c:189:6:DebugMon_Handler	4	static
stm32f4xx_it.c:202:6:PendSV_Handler	4	static
stm32f4xx_it.c:215:6:SysTick_Handler	8	static
stm32f4xx_it.c:236:6:TIM1_CC_IRQHandler	4	static,ignoring_inline_asm
stm32f4xx_it.c:286:6:TIM4_IRQHandler	120	static
stm32f4xx_it.c:430:6:TIM8_CC_IRQHandler	8	static
stm32f4xx_it.c:453:6:DMA2_Stream0_IRQHandler	8	static
stm32f4xx_it.c:467:6:DMA2_Stream1_IRQHandler	8	static
stm32f4xx_it.c:481:6:DMA2_Stream3_IRQHandler	8	static
